Archive member included to satisfy reference by file (symbol)

c:/program files (x86)/atmel/studio/7.0/toolchain/avr8/avr8-gnu-toolchain/bin/../lib/gcc/avr/5.4.0/avr6\libgcc.a(_exit.o)
                              C:/Program Files (x86)/Atmel/Studio/7.0/Packs/atmel/ATmega_DFP/1.3.300/gcc/dev/atmega2560/avr6/crtatmega2560.o (exit)
c:/program files (x86)/atmel/studio/7.0/toolchain/avr8/avr8-gnu-toolchain/bin/../lib/gcc/avr/5.4.0/avr6\libgcc.a(_tablejump2.o)
                              LEDdriver.o (__tablejump2__)
c:/program files (x86)/atmel/studio/7.0/toolchain/avr8/avr8-gnu-toolchain/bin/../lib/gcc/avr/5.4.0/avr6\libgcc.a(_copy_data.o)
                              main.o (__do_copy_data)
c:/program files (x86)/atmel/studio/7.0/toolchain/avr8/avr8-gnu-toolchain/bin/../lib/gcc/avr/5.4.0/avr6\libgcc.a(_clear_bss.o)
                              Buttondriver.o (__do_clear_bss)
c:/program files (x86)/atmel/studio/7.0/toolchain/avr8/avr8-gnu-toolchain/bin/../lib/gcc/avr/5.4.0/../../../../avr/lib/avr6\libc.a(memcpy.o)
                              UART_HAL.o (memcpy)

Allocating common symbols
Common symbol       size              file

g_button_callback   0x2               Buttondriver.o
g_tx_buff_idx       0x1               UART_HAL.o
g_bytes_to_be_tx    0x1               UART_HAL.o
g_led_port_pin      0x1               LEDdriver.o
g_internal_tx_buff  0x14              UART_HAL.o

Discarded input sections

 .data          0x00000000        0x0 C:/Program Files (x86)/Atmel/Studio/7.0/Packs/atmel/ATmega_DFP/1.3.300/gcc/dev/atmega2560/avr6/crtatmega2560.o
 .bss           0x00000000        0x0 C:/Program Files (x86)/Atmel/Studio/7.0/Packs/atmel/ATmega_DFP/1.3.300/gcc/dev/atmega2560/avr6/crtatmega2560.o
 .text          0x00000000        0x0 Buttondriver.o
 .data          0x00000000        0x0 Buttondriver.o
 .bss           0x00000000        0x0 Buttondriver.o
 .text          0x00000000        0x0 GPIO_HAL.o
 .data          0x00000000        0x0 GPIO_HAL.o
 .bss           0x00000000        0x0 GPIO_HAL.o
 .text          0x00000000        0x0 LEDdriver.o
 .data          0x00000000        0x0 LEDdriver.o
 .bss           0x00000000        0x0 LEDdriver.o
 .text.led_on   0x00000000      0x114 LEDdriver.o
 .progmem.gcc_sw_table.led_on
                0x00000000       0x16 LEDdriver.o
 COMMON         0x00000000        0x1 LEDdriver.o
 .text          0x00000000        0x0 main.o
 .data          0x00000000        0x0 main.o
 .bss           0x00000000        0x0 main.o
 .text          0x00000000        0x0 UART_HAL.o
 .data          0x00000000        0x0 UART_HAL.o
 .bss           0x00000000        0x0 UART_HAL.o
 .text          0x00000000        0x0 c:/program files (x86)/atmel/studio/7.0/toolchain/avr8/avr8-gnu-toolchain/bin/../lib/gcc/avr/5.4.0/avr6\libgcc.a(_exit.o)
 .data          0x00000000        0x0 c:/program files (x86)/atmel/studio/7.0/toolchain/avr8/avr8-gnu-toolchain/bin/../lib/gcc/avr/5.4.0/avr6\libgcc.a(_exit.o)
 .bss           0x00000000        0x0 c:/program files (x86)/atmel/studio/7.0/toolchain/avr8/avr8-gnu-toolchain/bin/../lib/gcc/avr/5.4.0/avr6\libgcc.a(_exit.o)
 .text.libgcc.mul
                0x00000000        0x0 c:/program files (x86)/atmel/studio/7.0/toolchain/avr8/avr8-gnu-toolchain/bin/../lib/gcc/avr/5.4.0/avr6\libgcc.a(_exit.o)
 .text.libgcc.div
                0x00000000        0x0 c:/program files (x86)/atmel/studio/7.0/toolchain/avr8/avr8-gnu-toolchain/bin/../lib/gcc/avr/5.4.0/avr6\libgcc.a(_exit.o)
 .text.libgcc   0x00000000        0x0 c:/program files (x86)/atmel/studio/7.0/toolchain/avr8/avr8-gnu-toolchain/bin/../lib/gcc/avr/5.4.0/avr6\libgcc.a(_exit.o)
 .text.libgcc.prologue
                0x00000000        0x0 c:/program files (x86)/atmel/studio/7.0/toolchain/avr8/avr8-gnu-toolchain/bin/../lib/gcc/avr/5.4.0/avr6\libgcc.a(_exit.o)
 .text.libgcc.builtins
                0x00000000        0x0 c:/program files (x86)/atmel/studio/7.0/toolchain/avr8/avr8-gnu-toolchain/bin/../lib/gcc/avr/5.4.0/avr6\libgcc.a(_exit.o)
 .text.libgcc.fmul
                0x00000000        0x0 c:/program files (x86)/atmel/studio/7.0/toolchain/avr8/avr8-gnu-toolchain/bin/../lib/gcc/avr/5.4.0/avr6\libgcc.a(_exit.o)
 .text.libgcc.fixed
                0x00000000        0x0 c:/program files (x86)/atmel/studio/7.0/toolchain/avr8/avr8-gnu-toolchain/bin/../lib/gcc/avr/5.4.0/avr6\libgcc.a(_exit.o)
 .text          0x00000000        0x0 c:/program files (x86)/atmel/studio/7.0/toolchain/avr8/avr8-gnu-toolchain/bin/../lib/gcc/avr/5.4.0/avr6\libgcc.a(_tablejump2.o)
 .data          0x00000000        0x0 c:/program files (x86)/atmel/studio/7.0/toolchain/avr8/avr8-gnu-toolchain/bin/../lib/gcc/avr/5.4.0/avr6\libgcc.a(_tablejump2.o)
 .bss           0x00000000        0x0 c:/program files (x86)/atmel/studio/7.0/toolchain/avr8/avr8-gnu-toolchain/bin/../lib/gcc/avr/5.4.0/avr6\libgcc.a(_tablejump2.o)
 .text.libgcc.mul
                0x00000000        0x0 c:/program files (x86)/atmel/studio/7.0/toolchain/avr8/avr8-gnu-toolchain/bin/../lib/gcc/avr/5.4.0/avr6\libgcc.a(_tablejump2.o)
 .text.libgcc.div
                0x00000000        0x0 c:/program files (x86)/atmel/studio/7.0/toolchain/avr8/avr8-gnu-toolchain/bin/../lib/gcc/avr/5.4.0/avr6\libgcc.a(_tablejump2.o)
 .text.libgcc.prologue
                0x00000000        0x0 c:/program files (x86)/atmel/studio/7.0/toolchain/avr8/avr8-gnu-toolchain/bin/../lib/gcc/avr/5.4.0/avr6\libgcc.a(_tablejump2.o)
 .text.libgcc.builtins
                0x00000000        0x0 c:/program files (x86)/atmel/studio/7.0/toolchain/avr8/avr8-gnu-toolchain/bin/../lib/gcc/avr/5.4.0/avr6\libgcc.a(_tablejump2.o)
 .text.libgcc.fmul
                0x00000000        0x0 c:/program files (x86)/atmel/studio/7.0/toolchain/avr8/avr8-gnu-toolchain/bin/../lib/gcc/avr/5.4.0/avr6\libgcc.a(_tablejump2.o)
 .text.libgcc.fixed
                0x00000000        0x0 c:/program files (x86)/atmel/studio/7.0/toolchain/avr8/avr8-gnu-toolchain/bin/../lib/gcc/avr/5.4.0/avr6\libgcc.a(_tablejump2.o)
 .text          0x00000000        0x0 c:/program files (x86)/atmel/studio/7.0/toolchain/avr8/avr8-gnu-toolchain/bin/../lib/gcc/avr/5.4.0/avr6\libgcc.a(_copy_data.o)
 .data          0x00000000        0x0 c:/program files (x86)/atmel/studio/7.0/toolchain/avr8/avr8-gnu-toolchain/bin/../lib/gcc/avr/5.4.0/avr6\libgcc.a(_copy_data.o)
 .bss           0x00000000        0x0 c:/program files (x86)/atmel/studio/7.0/toolchain/avr8/avr8-gnu-toolchain/bin/../lib/gcc/avr/5.4.0/avr6\libgcc.a(_copy_data.o)
 .text.libgcc.mul
                0x00000000        0x0 c:/program files (x86)/atmel/studio/7.0/toolchain/avr8/avr8-gnu-toolchain/bin/../lib/gcc/avr/5.4.0/avr6\libgcc.a(_copy_data.o)
 .text.libgcc.div
                0x00000000        0x0 c:/program files (x86)/atmel/studio/7.0/toolchain/avr8/avr8-gnu-toolchain/bin/../lib/gcc/avr/5.4.0/avr6\libgcc.a(_copy_data.o)
 .text.libgcc   0x00000000        0x0 c:/program files (x86)/atmel/studio/7.0/toolchain/avr8/avr8-gnu-toolchain/bin/../lib/gcc/avr/5.4.0/avr6\libgcc.a(_copy_data.o)
 .text.libgcc.prologue
                0x00000000        0x0 c:/program files (x86)/atmel/studio/7.0/toolchain/avr8/avr8-gnu-toolchain/bin/../lib/gcc/avr/5.4.0/avr6\libgcc.a(_copy_data.o)
 .text.libgcc.builtins
                0x00000000        0x0 c:/program files (x86)/atmel/studio/7.0/toolchain/avr8/avr8-gnu-toolchain/bin/../lib/gcc/avr/5.4.0/avr6\libgcc.a(_copy_data.o)
 .text.libgcc.fmul
                0x00000000        0x0 c:/program files (x86)/atmel/studio/7.0/toolchain/avr8/avr8-gnu-toolchain/bin/../lib/gcc/avr/5.4.0/avr6\libgcc.a(_copy_data.o)
 .text.libgcc.fixed
                0x00000000        0x0 c:/program files (x86)/atmel/studio/7.0/toolchain/avr8/avr8-gnu-toolchain/bin/../lib/gcc/avr/5.4.0/avr6\libgcc.a(_copy_data.o)
 .text          0x00000000        0x0 c:/program files (x86)/atmel/studio/7.0/toolchain/avr8/avr8-gnu-toolchain/bin/../lib/gcc/avr/5.4.0/avr6\libgcc.a(_clear_bss.o)
 .data          0x00000000        0x0 c:/program files (x86)/atmel/studio/7.0/toolchain/avr8/avr8-gnu-toolchain/bin/../lib/gcc/avr/5.4.0/avr6\libgcc.a(_clear_bss.o)
 .bss           0x00000000        0x0 c:/program files (x86)/atmel/studio/7.0/toolchain/avr8/avr8-gnu-toolchain/bin/../lib/gcc/avr/5.4.0/avr6\libgcc.a(_clear_bss.o)
 .text.libgcc.mul
                0x00000000        0x0 c:/program files (x86)/atmel/studio/7.0/toolchain/avr8/avr8-gnu-toolchain/bin/../lib/gcc/avr/5.4.0/avr6\libgcc.a(_clear_bss.o)
 .text.libgcc.div
                0x00000000        0x0 c:/program files (x86)/atmel/studio/7.0/toolchain/avr8/avr8-gnu-toolchain/bin/../lib/gcc/avr/5.4.0/avr6\libgcc.a(_clear_bss.o)
 .text.libgcc   0x00000000        0x0 c:/program files (x86)/atmel/studio/7.0/toolchain/avr8/avr8-gnu-toolchain/bin/../lib/gcc/avr/5.4.0/avr6\libgcc.a(_clear_bss.o)
 .text.libgcc.prologue
                0x00000000        0x0 c:/program files (x86)/atmel/studio/7.0/toolchain/avr8/avr8-gnu-toolchain/bin/../lib/gcc/avr/5.4.0/avr6\libgcc.a(_clear_bss.o)
 .text.libgcc.builtins
                0x00000000        0x0 c:/program files (x86)/atmel/studio/7.0/toolchain/avr8/avr8-gnu-toolchain/bin/../lib/gcc/avr/5.4.0/avr6\libgcc.a(_clear_bss.o)
 .text.libgcc.fmul
                0x00000000        0x0 c:/program files (x86)/atmel/studio/7.0/toolchain/avr8/avr8-gnu-toolchain/bin/../lib/gcc/avr/5.4.0/avr6\libgcc.a(_clear_bss.o)
 .text.libgcc.fixed
                0x00000000        0x0 c:/program files (x86)/atmel/studio/7.0/toolchain/avr8/avr8-gnu-toolchain/bin/../lib/gcc/avr/5.4.0/avr6\libgcc.a(_clear_bss.o)
 .text          0x00000000        0x0 c:/program files (x86)/atmel/studio/7.0/toolchain/avr8/avr8-gnu-toolchain/bin/../lib/gcc/avr/5.4.0/../../../../avr/lib/avr6\libc.a(memcpy.o)
 .data          0x00000000        0x0 c:/program files (x86)/atmel/studio/7.0/toolchain/avr8/avr8-gnu-toolchain/bin/../lib/gcc/avr/5.4.0/../../../../avr/lib/avr6\libc.a(memcpy.o)
 .bss           0x00000000        0x0 c:/program files (x86)/atmel/studio/7.0/toolchain/avr8/avr8-gnu-toolchain/bin/../lib/gcc/avr/5.4.0/../../../../avr/lib/avr6\libc.a(memcpy.o)

Memory Configuration

Name             Origin             Length             Attributes
text             0x00000000         0x00100000         xr
data             0x00800200         0x0000fe00         rw !x
eeprom           0x00810000         0x00010000         rw !x
fuse             0x00820000         0x00000003         rw !x
lock             0x00830000         0x00000400         rw !x
signature        0x00840000         0x00000400         rw !x
user_signatures  0x00850000         0x00000400         rw !x
*default*        0x00000000         0xffffffff

Linker script and memory map

Address of section .data set to 0x800200
LOAD C:/Program Files (x86)/Atmel/Studio/7.0/Packs/atmel/ATmega_DFP/1.3.300/gcc/dev/atmega2560/avr6/crtatmega2560.o
LOAD Buttondriver.o
LOAD GPIO_HAL.o
LOAD LEDdriver.o
LOAD main.o
LOAD UART_HAL.o
START GROUP
LOAD c:/program files (x86)/atmel/studio/7.0/toolchain/avr8/avr8-gnu-toolchain/bin/../lib/gcc/avr/5.4.0/../../../../avr/lib/avr6\libm.a
END GROUP
START GROUP
LOAD c:/program files (x86)/atmel/studio/7.0/toolchain/avr8/avr8-gnu-toolchain/bin/../lib/gcc/avr/5.4.0/avr6\libgcc.a
LOAD c:/program files (x86)/atmel/studio/7.0/toolchain/avr8/avr8-gnu-toolchain/bin/../lib/gcc/avr/5.4.0/../../../../avr/lib/avr6\libm.a
LOAD c:/program files (x86)/atmel/studio/7.0/toolchain/avr8/avr8-gnu-toolchain/bin/../lib/gcc/avr/5.4.0/../../../../avr/lib/avr6\libc.a
LOAD C:/Program Files (x86)/Atmel/Studio/7.0/Packs/atmel/ATmega_DFP/1.3.300/gcc/dev/atmega2560/avr6\libatmega2560.a
END GROUP
                0x00000000                __TEXT_REGION_ORIGIN__ = DEFINED (__TEXT_REGION_ORIGIN__)?__TEXT_REGION_ORIGIN__:0x0
                0x00800200                __DATA_REGION_ORIGIN__ = DEFINED (__DATA_REGION_ORIGIN__)?__DATA_REGION_ORIGIN__:0x800200
                0x00100000                __TEXT_REGION_LENGTH__ = DEFINED (__TEXT_REGION_LENGTH__)?__TEXT_REGION_LENGTH__:0x100000
                0x0000fe00                __DATA_REGION_LENGTH__ = DEFINED (__DATA_REGION_LENGTH__)?__DATA_REGION_LENGTH__:0xfe00
                0x00010000                __EEPROM_REGION_LENGTH__ = DEFINED (__EEPROM_REGION_LENGTH__)?__EEPROM_REGION_LENGTH__:0x10000
                [0x00000003]                __FUSE_REGION_LENGTH__ = DEFINED (__FUSE_REGION_LENGTH__)?__FUSE_REGION_LENGTH__:0x400
                0x00000400                __LOCK_REGION_LENGTH__ = DEFINED (__LOCK_REGION_LENGTH__)?__LOCK_REGION_LENGTH__:0x400
                0x00000400                __SIGNATURE_REGION_LENGTH__ = DEFINED (__SIGNATURE_REGION_LENGTH__)?__SIGNATURE_REGION_LENGTH__:0x400
                0x00000400                __USER_SIGNATURE_REGION_LENGTH__ = DEFINED (__USER_SIGNATURE_REGION_LENGTH__)?__USER_SIGNATURE_REGION_LENGTH__:0x400

.hash
 *(.hash)

.dynsym
 *(.dynsym)

.dynstr
 *(.dynstr)

.gnu.version
 *(.gnu.version)

.gnu.version_d
 *(.gnu.version_d)

.gnu.version_r
 *(.gnu.version_r)

.rel.init
 *(.rel.init)

.rela.init
 *(.rela.init)

.rel.text
 *(.rel.text)
 *(.rel.text.*)
 *(.rel.gnu.linkonce.t*)

.rela.text
 *(.rela.text)
 *(.rela.text.*)
 *(.rela.gnu.linkonce.t*)

.rel.fini
 *(.rel.fini)

.rela.fini
 *(.rela.fini)

.rel.rodata
 *(.rel.rodata)
 *(.rel.rodata.*)
 *(.rel.gnu.linkonce.r*)

.rela.rodata
 *(.rela.rodata)
 *(.rela.rodata.*)
 *(.rela.gnu.linkonce.r*)

.rel.data
 *(.rel.data)
 *(.rel.data.*)
 *(.rel.gnu.linkonce.d*)

.rela.data
 *(.rela.data)
 *(.rela.data.*)
 *(.rela.gnu.linkonce.d*)

.rel.ctors
 *(.rel.ctors)

.rela.ctors
 *(.rela.ctors)

.rel.dtors
 *(.rel.dtors)

.rela.dtors
 *(.rela.dtors)

.rel.got
 *(.rel.got)

.rela.got
 *(.rela.got)

.rel.bss
 *(.rel.bss)

.rela.bss
 *(.rela.bss)

.rel.plt
 *(.rel.plt)

.rela.plt
 *(.rela.plt)

.text           0x00000000     0x1868
 *(.vectors)
 .vectors       0x00000000       0xe4 C:/Program Files (x86)/Atmel/Studio/7.0/Packs/atmel/ATmega_DFP/1.3.300/gcc/dev/atmega2560/avr6/crtatmega2560.o
                0x00000000                __vector_default
                0x00000000                __vectors
 *(.vectors)
 *(.progmem.gcc*)
 .progmem.gcc_sw_table.led_init
                0x000000e4       0x16 LEDdriver.o
 .progmem.gcc_sw_table.led_toggle
                0x000000fa       0x16 LEDdriver.o
 .progmem.gcc_sw_table.led_off
                0x00000110       0x16 LEDdriver.o
                0x00000126                . = ALIGN (0x2)
                0x00000126                __trampolines_start = .
 *(.trampolines)
 .trampolines   0x00000126        0x0 linker stubs
 *(.trampolines*)
                0x00000126                __trampolines_end = .
 *libprintf_flt.a:*(.progmem.data)
 *libc.a:*(.progmem.data)
 *(.progmem*)
                0x00000126                . = ALIGN (0x2)
 *(.jumptables)
 *(.jumptables*)
 *(.lowtext)
 *(.lowtext*)
                0x00000126                __ctors_start = .
 *(.ctors)
                0x00000126                __ctors_end = .
                0x00000126                __dtors_start = .
 *(.dtors)
                0x00000126                __dtors_end = .
 SORT(*)(.ctors)
 SORT(*)(.dtors)
 *(.init0)
 .init0         0x00000126        0x0 C:/Program Files (x86)/Atmel/Studio/7.0/Packs/atmel/ATmega_DFP/1.3.300/gcc/dev/atmega2560/avr6/crtatmega2560.o
                0x00000126                __init
 *(.init0)
 *(.init1)
 *(.init1)
 *(.init2)
 .init2         0x00000126       0x10 C:/Program Files (x86)/Atmel/Studio/7.0/Packs/atmel/ATmega_DFP/1.3.300/gcc/dev/atmega2560/avr6/crtatmega2560.o
 *(.init2)
 *(.init3)
 *(.init3)
 *(.init4)
 .init4         0x00000136       0x1a c:/program files (x86)/atmel/studio/7.0/toolchain/avr8/avr8-gnu-toolchain/bin/../lib/gcc/avr/5.4.0/avr6\libgcc.a(_copy_data.o)
                0x00000136                __do_copy_data
 .init4         0x00000150       0x10 c:/program files (x86)/atmel/studio/7.0/toolchain/avr8/avr8-gnu-toolchain/bin/../lib/gcc/avr/5.4.0/avr6\libgcc.a(_clear_bss.o)
                0x00000150                __do_clear_bss
 *(.init4)
 *(.init5)
 *(.init5)
 *(.init6)
 *(.init6)
 *(.init7)
 *(.init7)
 *(.init8)
 *(.init8)
 *(.init9)
 .init9         0x00000160        0x6 C:/Program Files (x86)/Atmel/Studio/7.0/Packs/atmel/ATmega_DFP/1.3.300/gcc/dev/atmega2560/avr6/crtatmega2560.o
 *(.init9)
 *(.text)
 .text          0x00000166        0x2 C:/Program Files (x86)/Atmel/Studio/7.0/Packs/atmel/ATmega_DFP/1.3.300/gcc/dev/atmega2560/avr6/crtatmega2560.o
                0x00000166                __vector_22
                0x00000166                __vector_28
                0x00000166                __vector_32
                0x00000166                __vector_34
                0x00000166                __vector_24
                0x00000166                __vector_12
                0x00000166                __vector_46
                0x00000166                __bad_interrupt
                0x00000166                __vector_31
                0x00000166                __vector_35
                0x00000166                __vector_39
                0x00000166                __vector_23
                0x00000166                __vector_30
                0x00000166                __vector_45
                0x00000166                __vector_11
                0x00000166                __vector_13
                0x00000166                __vector_17
                0x00000166                __vector_19
                0x00000166                __vector_49
                0x00000166                __vector_41
                0x00000166                __vector_43
                0x00000166                __vector_33
                0x00000166                __vector_47
                0x00000166                __vector_44
                0x00000166                __vector_9
                0x00000166                __vector_21
                0x00000166                __vector_15
                0x00000166                __vector_29
                0x00000166                __vector_40
                0x00000166                __vector_48
                0x00000166                __vector_14
                0x00000166                __vector_10
                0x00000166                __vector_50
                0x00000166                __vector_16
                0x00000166                __vector_18
                0x00000166                __vector_20
                0x00000166                __vector_42
                0x00000168                . = ALIGN (0x2)
 *(.text.*)
 .text.btn_interrupt
                0x00000168       0x52 Buttondriver.o
                0x00000168                btn_interrupt
 .text.btn_init
                0x000001ba       0xb4 Buttondriver.o
                0x000001ba                btn_init
 .text.btn_set_event_callback
                0x0000026e        0xa Buttondriver.o
                0x0000026e                btn_set_event_callback
 .text.gpio_hal_pin_init
                0x00000278       0xc8 GPIO_HAL.o
                0x00000278                gpio_hal_pin_init
 .text.gpio_hal_pin_set
                0x00000340       0xc8 GPIO_HAL.o
                0x00000340                gpio_hal_pin_set
 .text.gpio_hal_pin_toggle
                0x00000408       0xa6 GPIO_HAL.o
                0x00000408                gpio_hal_pin_toggle
 .text.gpio_hal_pin_read
                0x000004ae       0x16 GPIO_HAL.o
                0x000004ae                gpio_hal_pin_read
 .text.gpio_hal_pin_config_interrupt
                0x000004c4      0x252 GPIO_HAL.o
                0x000004c4                gpio_hal_pin_config_interrupt
 .text.__vector_1
                0x00000716       0x5c GPIO_HAL.o
                0x00000716                __vector_1
 .text.__vector_2
                0x00000772       0x5c GPIO_HAL.o
                0x00000772                __vector_2
 .text.__vector_3
                0x000007ce       0x5c GPIO_HAL.o
                0x000007ce                __vector_3
 .text.__vector_4
                0x0000082a       0x5c GPIO_HAL.o
                0x0000082a                __vector_4
 .text.__vector_5
                0x00000886       0x5c GPIO_HAL.o
                0x00000886                __vector_5
 .text.__vector_6
                0x000008e2       0x5c GPIO_HAL.o
                0x000008e2                __vector_6
 .text.__vector_7
                0x0000093e       0x5c GPIO_HAL.o
                0x0000093e                __vector_7
 .text.__vector_8
                0x0000099a       0x5c GPIO_HAL.o
                0x0000099a                __vector_8
 .text.led_init
                0x000009f6      0x172 LEDdriver.o
                0x000009f6                led_init
 .text.led_toggle
                0x00000b68       0xe6 LEDdriver.o
                0x00000b68                led_toggle
 .text.led_off  0x00000c4e       0xfc LEDdriver.o
                0x00000c4e                led_off
 .text.when_transmission_complete
                0x00000d4a       0x1e main.o
                0x00000d4a                when_transmission_complete
 .text.when_byte_received
                0x00000d68       0x6e main.o
                0x00000d68                when_byte_received
 .text.on_button_pressed
                0x00000dd6       0x48 main.o
                0x00000dd6                on_button_pressed
 .text.main     0x00000e1e       0x34 main.o
                0x00000e1e                main
 .text.hal_uart_set_callbacks
                0x00000e52       0x36 UART_HAL.o
                0x00000e52                hal_uart_set_callbacks
 .text.map_uart_registers
                0x00000e88      0x16c UART_HAL.o
                0x00000e88                map_uart_registers
 .text.on_trasmit_buffer_empty
                0x00000ff4       0x72 UART_HAL.o
                0x00000ff4                on_trasmit_buffer_empty
 .text.hal_uart_send
                0x00001066       0x8a UART_HAL.o
                0x00001066                hal_uart_send
 .text.set_baudrate_registers
                0x000010f0       0x6e UART_HAL.o
                0x000010f0                set_baudrate_registers
 .text.set_frame_size
                0x0000115e      0x126 UART_HAL.o
                0x0000115e                set_frame_size
 .text.set_parity_register_values
                0x00001284       0x82 UART_HAL.o
                0x00001284                set_parity_register_values
 .text.hal_uart_init
                0x00001306       0xe4 UART_HAL.o
                0x00001306                hal_uart_init
 .text.__vector_25
                0x000013ea       0x66 UART_HAL.o
                0x000013ea                __vector_25
 .text.__vector_36
                0x00001450       0x66 UART_HAL.o
                0x00001450                __vector_36
 .text.__vector_51
                0x000014b6       0x66 UART_HAL.o
                0x000014b6                __vector_51
 .text.__vector_54
                0x0000151c       0x66 UART_HAL.o
                0x0000151c                __vector_54
 .text.__vector_27
                0x00001582       0x60 UART_HAL.o
                0x00001582                __vector_27
 .text.__vector_38
                0x000015e2       0x60 UART_HAL.o
                0x000015e2                __vector_38
 .text.__vector_53
                0x00001642       0x60 UART_HAL.o
                0x00001642                __vector_53
 .text.__vector_56
                0x000016a2       0x60 UART_HAL.o
                0x000016a2                __vector_56
 .text.__vector_26
                0x00001702       0x50 UART_HAL.o
                0x00001702                __vector_26
 .text.__vector_37
                0x00001752       0x50 UART_HAL.o
                0x00001752                __vector_37
 .text.__vector_52
                0x000017a2       0x50 UART_HAL.o
                0x000017a2                __vector_52
 .text.__vector_55
                0x000017f2       0x50 UART_HAL.o
                0x000017f2                __vector_55
 .text.libgcc   0x00001842       0x10 c:/program files (x86)/atmel/studio/7.0/toolchain/avr8/avr8-gnu-toolchain/bin/../lib/gcc/avr/5.4.0/avr6\libgcc.a(_tablejump2.o)
                0x00001842                __tablejump2__
 .text.avr-libc
                0x00001852       0x12 c:/program files (x86)/atmel/studio/7.0/toolchain/avr8/avr8-gnu-toolchain/bin/../lib/gcc/avr/5.4.0/../../../../avr/lib/avr6\libc.a(memcpy.o)
                0x00001852                memcpy
                0x00001864                . = ALIGN (0x2)
 *(.fini9)
 .fini9         0x00001864        0x0 c:/program files (x86)/atmel/studio/7.0/toolchain/avr8/avr8-gnu-toolchain/bin/../lib/gcc/avr/5.4.0/avr6\libgcc.a(_exit.o)
                0x00001864                _exit
                0x00001864                exit
 *(.fini9)
 *(.fini8)
 *(.fini8)
 *(.fini7)
 *(.fini7)
 *(.fini6)
 *(.fini6)
 *(.fini5)
 *(.fini5)
 *(.fini4)
 *(.fini4)
 *(.fini3)
 *(.fini3)
 *(.fini2)
 *(.fini2)
 *(.fini1)
 *(.fini1)
 *(.fini0)
 .fini0         0x00001864        0x4 c:/program files (x86)/atmel/studio/7.0/toolchain/avr8/avr8-gnu-toolchain/bin/../lib/gcc/avr/5.4.0/avr6\libgcc.a(_exit.o)
 *(.fini0)
                0x00001868                _etext = .

.data           0x00800200        0x6 load address 0x00001868
                0x00800200                PROVIDE (__data_start, .)
 *(.data)
 *(.data*)
 *(.gnu.linkonce.d*)
 *(.rodata)
 .rodata        0x00800200        0x5 main.o
 *(.rodata*)
 *(.gnu.linkonce.r*)
                0x00800206                . = ALIGN (0x2)
 *fill*         0x00800205        0x1 
                0x00800206                _edata = .
                0x00800206                PROVIDE (__data_end, .)

.bss            0x00800206       0x2b
                0x00800206                PROVIDE (__bss_start, .)
 *(.bss)
 *(.bss*)
 .bss.g_interrupt_callback
                0x00800206        0x2 GPIO_HAL.o
                0x00800206                g_interrupt_callback
 .bss.g_tx_busy
                0x00800208        0x1 UART_HAL.o
                0x00800208                g_tx_busy
 .bss.UDRn      0x00800209        0x2 UART_HAL.o
                0x00800209                UDRn
 .bss.UBRRnH    0x0080020b        0x2 UART_HAL.o
                0x0080020b                UBRRnH
 .bss.UBRRnL    0x0080020d        0x2 UART_HAL.o
                0x0080020d                UBRRnL
 .bss.UCSRnC    0x0080020f        0x2 UART_HAL.o
                0x0080020f                UCSRnC
 .bss.UCSRnB    0x00800211        0x2 UART_HAL.o
                0x00800211                UCSRnB
 .bss.UCSRnA    0x00800213        0x2 UART_HAL.o
                0x00800213                UCSRnA
 .bss.g_on_transmission_complete
                0x00800215        0x2 UART_HAL.o
                0x00800215                g_on_transmission_complete
 .bss.g_on_byte_received
                0x00800217        0x2 UART_HAL.o
                0x00800217                g_on_byte_received
 *(COMMON)
 COMMON         0x00800219        0x2 Buttondriver.o
                0x00800219                g_button_callback
 COMMON         0x0080021b       0x16 UART_HAL.o
                0x0080021b                g_tx_buff_idx
                0x0080021c                g_bytes_to_be_tx
                0x0080021d                g_internal_tx_buff
                0x00800231                PROVIDE (__bss_end, .)
                0x00001868                __data_load_start = LOADADDR (.data)
                0x0000186e                __data_load_end = (__data_load_start + SIZEOF (.data))

.noinit         0x00800231        0x0
                [!provide]                PROVIDE (__noinit_start, .)
 *(.noinit*)
                [!provide]                PROVIDE (__noinit_end, .)
                0x00800231                _end = .
                [!provide]                PROVIDE (__heap_start, .)

.eeprom         0x00810000        0x0
 *(.eeprom*)
                0x00810000                __eeprom_end = .

.fuse
 *(.fuse)
 *(.lfuse)
 *(.hfuse)
 *(.efuse)

.lock
 *(.lock*)

.signature
 *(.signature*)

.user_signatures
 *(.user_signatures*)

.stab
 *(.stab)

.stabstr
 *(.stabstr)

.stab.excl
 *(.stab.excl)

.stab.exclstr
 *(.stab.exclstr)

.stab.index
 *(.stab.index)

.stab.indexstr
 *(.stab.indexstr)

.comment        0x00000000       0x30
 *(.comment)
 .comment       0x00000000       0x30 Buttondriver.o
                                 0x31 (size before relaxing)
 .comment       0x00000030       0x31 GPIO_HAL.o
 .comment       0x00000030       0x31 LEDdriver.o
 .comment       0x00000030       0x31 main.o
 .comment       0x00000030       0x31 UART_HAL.o

.note.gnu.avr.deviceinfo
                0x00000000       0x40
 .note.gnu.avr.deviceinfo
                0x00000000       0x40 C:/Program Files (x86)/Atmel/Studio/7.0/Packs/atmel/ATmega_DFP/1.3.300/gcc/dev/atmega2560/avr6/crtatmega2560.o

.note.gnu.build-id
 *(.note.gnu.build-id)

.debug
 *(.debug)

.line
 *(.line)

.debug_srcinfo
 *(.debug_srcinfo)

.debug_sfnames
 *(.debug_sfnames)

.debug_aranges  0x00000000      0x1d8
 *(.debug_aranges)
 .debug_aranges
                0x00000000       0x30 Buttondriver.o
 .debug_aranges
                0x00000030       0x80 GPIO_HAL.o
 .debug_aranges
                0x000000b0       0x38 LEDdriver.o
 .debug_aranges
                0x000000e8       0x38 main.o
 .debug_aranges
                0x00000120       0xb8 UART_HAL.o

.debug_pubnames
 *(.debug_pubnames)

.debug_info     0x00000000     0x29e3
 *(.debug_info .gnu.linkonce.wi.*)
 .debug_info    0x00000000      0xbbc C:/Program Files (x86)/Atmel/Studio/7.0/Packs/atmel/ATmega_DFP/1.3.300/gcc/dev/atmega2560/avr6/crtatmega2560.o
 .debug_info    0x00000bbc      0x382 Buttondriver.o
 .debug_info    0x00000f3e      0x442 GPIO_HAL.o
 .debug_info    0x00001380      0x91d LEDdriver.o
 .debug_info    0x00001c9d      0x4f3 main.o
 .debug_info    0x00002190      0x853 UART_HAL.o

.debug_abbrev   0x00000000     0x12b4
 *(.debug_abbrev)
 .debug_abbrev  0x00000000      0xb1a C:/Program Files (x86)/Atmel/Studio/7.0/Packs/atmel/ATmega_DFP/1.3.300/gcc/dev/atmega2560/avr6/crtatmega2560.o
 .debug_abbrev  0x00000b1a      0x16f Buttondriver.o
 .debug_abbrev  0x00000c89      0x16a GPIO_HAL.o
 .debug_abbrev  0x00000df3      0x144 LEDdriver.o
 .debug_abbrev  0x00000f37      0x17d main.o
 .debug_abbrev  0x000010b4      0x200 UART_HAL.o

.debug_line     0x00000000     0x16c6
 *(.debug_line .debug_line.* .debug_line_end)
 .debug_line    0x00000000      0x1f9 C:/Program Files (x86)/Atmel/Studio/7.0/Packs/atmel/ATmega_DFP/1.3.300/gcc/dev/atmega2560/avr6/crtatmega2560.o
 .debug_line    0x000001f9      0x1b6 Buttondriver.o
 .debug_line    0x000003af      0x554 GPIO_HAL.o
 .debug_line    0x00000903      0x545 LEDdriver.o
 .debug_line    0x00000e48      0x229 main.o
 .debug_line    0x00001071      0x655 UART_HAL.o

.debug_frame    0x00000000      0x92c
 *(.debug_frame)
 .debug_frame   0x00000000       0x54 Buttondriver.o
 .debug_frame   0x00000054      0x330 GPIO_HAL.o
 .debug_frame   0x00000384       0x5c LEDdriver.o
 .debug_frame   0x000003e0       0x64 main.o
 .debug_frame   0x00000444      0x4e8 UART_HAL.o

.debug_str      0x00000000      0xbaf
 *(.debug_str)
 .debug_str     0x00000000      0x3e6 C:/Program Files (x86)/Atmel/Studio/7.0/Packs/atmel/ATmega_DFP/1.3.300/gcc/dev/atmega2560/avr6/crtatmega2560.o
 .debug_str     0x000003e6      0x2e0 Buttondriver.o
                                0x328 (size before relaxing)
 .debug_str     0x000006c6       0xce GPIO_HAL.o
                                0x366 (size before relaxing)
 .debug_str     0x00000794       0x5a LEDdriver.o
                                0x2bd (size before relaxing)
 .debug_str     0x000007ee      0x130 main.o
                                0x2ee (size before relaxing)
 .debug_str     0x0000091e      0x291 UART_HAL.o
                                0x561 (size before relaxing)

.debug_loc      0x00000000     0x28b2
 *(.debug_loc)
 .debug_loc     0x00000000      0x23f Buttondriver.o
 .debug_loc     0x0000023f      0xc92 GPIO_HAL.o
 .debug_loc     0x00000ed1      0x78d LEDdriver.o
 .debug_loc     0x0000165e      0x297 main.o
 .debug_loc     0x000018f5      0xfbd UART_HAL.o

.debug_macinfo
 *(.debug_macinfo)

.debug_weaknames
 *(.debug_weaknames)

.debug_funcnames
 *(.debug_funcnames)

.debug_typenames
 *(.debug_typenames)

.debug_varnames
 *(.debug_varnames)

.debug_pubtypes
 *(.debug_pubtypes)

.debug_ranges   0x00000000      0x1a0
 *(.debug_ranges)
 .debug_ranges  0x00000000       0x20 Buttondriver.o
 .debug_ranges  0x00000020       0x70 GPIO_HAL.o
 .debug_ranges  0x00000090       0x28 LEDdriver.o
 .debug_ranges  0x000000b8       0x28 main.o
 .debug_ranges  0x000000e0       0xc0 UART_HAL.o

.debug_macro
 *(.debug_macro)
OUTPUT(UART.elf elf32-avr)
LOAD linker stubs
